S/build/kernel_pmm.o
pmm.c: In function ‘pmm_init’:
pmm.c:44:29: error: invalid initializer
   44 |         mmap_entry_t mmap = (mmap_entry_t*)mb->mmap_addr;
      |                             ^
pmm.c:45:9: error: aggregate value used where an integer was expected
   45 |         while ((uint32_t)mmap < mb->mmap_addr + mb->mmap_length) {
      |         ^~~~~
pmm.c:46:25: error: invalid type argument of ‘->’ (have ‘mmap_entry_t’)
   46 |                 if (mmap->type == 1 && mmap->addr_high == 0) {
      |                         ^~
pmm.c:46:44: error: invalid type argument of ‘->’ (have ‘mmap_entry_t’)
   46 |                 if (mmap->type == 1 && mmap->addr_high == 0) {
      |                                            ^~
pmm.c:47:44: error: invalid type argument of ‘->’ (have ‘mmap_entry_t’)
   47 |                         uint32_t top = mmap->addr_low + mmap->len_low;
      |                                            ^~
pmm.c:47:61: error: invalid type argument of ‘->’ (have ‘mmap_entry_t’)
   47 |                         uint32_t top = mmap->addr_low + mmap->len_low;
      |                                                             ^~
pmm.c:50:17: error: aggregate value used where an integer was expected
   50 |                 mmap = (mmap_entry_t*)((uint32_t)mmap + mmap->size + 4);
      |                 ^~~~
pmm.c:50:61: error: invalid type argument of ‘->’ (have ‘mmap_entry_t’)
   50 |                 mmap = (mmap_entry_t*)((uint32_t)mmap + mmap->size + 4);
      |                                                             ^~
pmm.c:66:16: error: incompatible types when assigning to type ‘mmap_entry_t’ from type ‘mmap_entry_t *’
   66 |         mmap = (mmap_entry_t*)mb->mmap_addr;
      |                ^
pmm.c:67:9: error: aggregate value used where an integer was expected
   67 |         while ((uint32_t)mmap < mb->mmap_addr + mb->mmap_length) {
      |         ^~~~~
pmm.c:68:25: error: invalid type argument of ‘->’ (have ‘mmap_entry_t’)
   68 |                 if (mmap->type == 1 && mmap->addr_high == 0) {
      |                         ^~
pmm.c:68:44: error: invalid type argument of ‘->’ (have ‘mmap_entry_t’)
   68 |                 if (mmap->type == 1 && mmap->addr_high == 0) {
      |                                            ^~
pmm.c:69:46: error: invalid type argument of ‘->’ (have ‘mmap_entry_t’)
   69 |                         uint32_t start = mmap->addr_low / PAGE_SIZE;
      |                                              ^~
pmm.c:70:46: error: invalid type argument of ‘->’ (have ‘mmap_entry_t’)
   70 |                         uint32_t count = mmap->len_low / PAGE_SIZE;
      |                                              ^~
pmm.c:76:17: error: aggregate value used where an integer was expected
   76 |                 mmap = (mmap_entry_t*)((uint32_t)mmap + mmap->size + 4);
      |                 ^~~~
pmm.c:76:61: error: invalid type argument of ‘->’ (have ‘mmap_entry_t’)
   76 |                 mmap = (mmap_entry_t*)((uint32_t)mmap + mmap->size + 4);
      |                                                             ^~
pmm.c:81:22: error: implicit declaration of function ‘bitmap_test’; did you mean ‘bitmap_set’? [-Wimplicit-function-declaration]
   81 |                 if (!bitmap_test(i)) {
      |                      ^~~~~~~~~~~
      |                      bitmap_set
make[1]: *** [Makefile:46: /home/matias/LanternOS/build/kernel_pmm.o] Error 1
make[1]: Leaving directory '/home/matias/LanternOS/src/kernel'
make: *** [Makefile:24: kernel] Error 2
